// Jest Snapshot v1, https://goo.gl/fbAQLP

exports[`Header Component matches the snapshot 1`] = `
<div>
  <nav
    class="navbar navbar-expand navbar-light bg-primary"
    data-bs-theme="dark"
  >
    <div
      class="container"
    >
      <a
        class="navbar-brand"
        href="#home"
      >
        Gerson Estrada
      </a>
    </div>
  </nav>
</div>
`;
